Default/fc3-Dense/BiasAdd-op14 2 1 10
-2.1191406 -8.4140625 -13.625 2.8222656 -11.4453125 30.734375 7.515625 -9.921875 2.5371094 2.9238281 
