prob 2 1 10 
0.0 0.9999994 5.4061115e-07 0.0 0.0 0.0 0.0 5.690875e-08 1.1269122e-34 0.0 
